{"dependency": ["seq2annotation", "tensorflow"], "processor": {"instance": {"LookupProcessor_0": {"class": "deliverable_model.builtin.processor.lookup_processor.LookupProcessor", "parameter": {"lookup_table": ["vocabulary", "tag"], "padding_parameter": {}}}}, "pipeline": {"pre": ["LookupProcessor_0"], "post": ["LookupProcessor_0"]}}, "model": {"version": "1.0", "type": "keras_h5_model"}, "metadata": {"version": "1.0", "id": "algorithmId-corpusId-configId-runId"}}